// Jest Snapshot v1, https://goo.gl/fbAQLP

exports[`LoginContainer test LoginContainer snapshot 1`] = `
<div
  className="loginBackgroundContainer"
>
  <LoginForm />
  <LoginCoverImage />
</div>
`;
