// Jest Snapshot v1, https://goo.gl/fbAQLP

exports[`AllReadingList test AllReadingList snapshot 1`] = `
<div
  aria-hidden="true"
  aria-labelledby="readingListModalLabel"
  className="modal fade"
  id="readingListModal"
  role="dialog"
  tabIndex="-1"
>
  <div
    className="modal-dialog"
    role="document"
  >
    <div
      className="modal-content"
    >
      <div
        className="modal-header"
      >
        <h5
          className="modal-title"
          id="readingListModalLabel"
        >
          Select a reading for this journal
        </h5>
        <button
          aria-label="Close"
          className="close"
          data-dismiss="modal"
          type="button"
        >
          <span
            aria-hidden="true"
          >
            Ã—
          </span>
        </button>
      </div>
      <div
        className="modal-body"
      >
        <LoadingAnimation />
        <div
          className="mb-3"
        >
          <ReadingListRow
            handleClick={[MockFunction]}
            reading={
              Object {
                "date": "2018-01-01",
                "name": "testName",
              }
            }
          />
        </div>
        <Pagination
          amount={1}
          fetchContent={Array []}
          numberPerpage={10}
        />
      </div>
      <div
        className="modal-footer"
      >
        <button
          className="btn btn-secondary"
          data-dismiss="modal"
          type="button"
        >
          Close
        </button>
      </div>
    </div>
  </div>
</div>
`;
