// Jest Snapshot v1, https://goo.gl/fbAQLP

exports[`Bigram test Bigram snapshot 1`] = `
<div
  className="text-center"
>
  <img
    alt="Bigram background"
    className="bigramImg"
    src={
      Object {
        "process": [Function],
      }
    }
  />
  <div
    className="circle-leftMiddle"
  >
    <div
      className="internalDiv d-flex"
    >
      <div
        className="firstDiv"
      >
        <img
          alt="conception"
          className="ml-2 mt-2"
          src={
            Object {
              "process": [Function],
            }
          }
          style={
            Object {
              "opacity": 0.4,
            }
          }
        />
      </div>
      <div
        className="secondDiv"
      >
        <img
          alt="seeding"
          className="mr-2 mt-2"
          src={
            Object {
              "process": [Function],
            }
          }
          style={
            Object {
              "opacity": 0.4,
            }
          }
        />
      </div>
    </div>
    <div
      className="internalDiv d-flex"
    >
      <div
        className="thirdDiv"
      >
        <img
          alt="maturation"
          className="ml-2 mb-2"
          src={
            Object {
              "process": [Function],
            }
          }
          style={
            Object {
              "opacity": 0.4,
            }
          }
        />
      </div>
      <div
        className="fourthDiv emphasizedOne"
      >
        <img
          alt="growth"
          className="mr-2 mb-2"
          src={
            Object {
              "process": [Function],
            }
          }
          style={
            Object {
              "opacity": 1,
            }
          }
        />
      </div>
    </div>
  </div>
  <div
    className="circle-rightMiddle"
  >
    <div
      className="internalDiv d-flex"
    >
      <div
        className="firstDiv cancelBottomBorder"
      >
        <img
          alt="conception"
          className="ml-2 mt-2"
          src={
            Object {
              "process": [Function],
            }
          }
          style={
            Object {
              "opacity": 0.4,
            }
          }
        />
      </div>
      <div
        className="secondDiv"
      >
        <img
          alt="seeding"
          className="mr-2 mt-2"
          src={
            Object {
              "process": [Function],
            }
          }
          style={
            Object {
              "opacity": 0.4,
            }
          }
        />
      </div>
    </div>
    <div
      className="internalDiv d-flex"
    >
      <div
        className="thirdDiv emphasizedTwo"
      >
        <img
          alt="maturation"
          className="ml-2 mb-2"
          src={
            Object {
              "process": [Function],
            }
          }
          style={
            Object {
              "opacity": 1,
            }
          }
        />
      </div>
      <div
        className="fourthDiv cancelLeftBorder"
      >
        <img
          alt="growth"
          className="mr-2 mb-2"
          src={
            Object {
              "process": [Function],
            }
          }
          style={
            Object {
              "opacity": 0.4,
            }
          }
        />
      </div>
    </div>
  </div>
  <div
    className="titleTopLeft d-flex align-items-center"
  >
    Line 5:   
    <div
      style={
        Object {
          "background": "#000",
          "height": "3px",
          "width": "30px",
        }
      }
    />
      Giving Priority
  </div>
  <div
    className="titleTopRight d-flex align-items-center"
  >
    Line 2:  
    <div
      className="d-flex"
      style={
        Object {
          "width": "30px",
        }
      }
    >
      <div
        style={
          Object {
            "background": "#000",
            "height": "3px",
            "width": "45%",
          }
        }
      />
      <div
        style={
          Object {
            "background": "#FFF",
            "height": "3px",
            "width": "10%",
          }
        }
      />
      <div
        style={
          Object {
            "background": "#000",
            "height": "3px",
            "width": "45%",
          }
        }
      />
    </div>
      Giving Priority
  </div>
</div>
`;
