// Jest Snapshot v1, https://goo.gl/fbAQLP

exports[`BigramExample test BigramExample snapshot 1`] = `
<div
  className="row"
>
  <div
    className="col-lg"
  >
    <img
      alt="Bigram 46"
      src={
        Object {
          "process": [Function],
        }
      }
      style={
        Object {
          "width": "100%",
        }
      }
    />
  </div>
  <div
    className="col-lg"
  >
    <img
      alt="Bigram 13"
      src={
        Object {
          "process": [Function],
        }
      }
      style={
        Object {
          "width": "100%",
        }
      }
    />
  </div>
</div>
`;
