// Jest Snapshot v1, https://goo.gl/fbAQLP

exports[`ChooseHexagramLines Test ChooseHexagramLines snapshot 1`] = `
<div
  className="coinPickUpBgDiv"
>
  <div
    className="coinPickUpWindowDiv"
  >
    <div
      className="row mb-2"
    >
      <div
        className="col"
      >
        <b>
          Line 
          3
        </b>
      </div>
      <div
        className="btn-group btn-group-toggle col"
        data-toggle="buttons"
      >
        <label
          className="btn btn-outline-secondary btn-sm"
          htmlFor="coinMode"
          onClick={
            [MockFunction] {
              "calls": Array [
                Array [],
              ],
              "results": Array [
                Object {
                  "type": "return",
                  "value": undefined,
                },
              ],
            }
          }
          role="button"
          tabIndex="-1"
        >
          <input
            id="coinMode"
            name="options"
            type="radio"
          />
           Coin Mode
        </label>
        <label
          className="btn btn-secondary btn-sm active"
          htmlFor="HexagramMode"
        >
          <input
            defaultChecked={true}
            id="HexagramMode"
            name="options"
            type="radio"
          />
           Line Mode
        </label>
      </div>
    </div>
    <div
      className="container"
    >
      <div
        className="row text-center"
      >
        <div
          className="col"
        >
          <div>
            <div
              className="hexagramContainer"
              onClick={[Function]}
              role="button"
              tabIndex="-3"
            >
              <div>
                Changing Yang
              </div>
              <div>
                <div
                  className="imgLineSideRed"
                />
                <div
                  className="imgLineMiddleRed"
                />
                <div
                  className="imgLineSideRed"
                />
              </div>
            </div>
          </div>
          <div>
            <div
              className="hexagramContainer"
              onClick={[Function]}
              role="button"
              tabIndex="-2"
            >
              <div>
                Changing Yin
              </div>
              <div>
                <div
                  className="imgLineSideRed"
                />
                <div
                  className="imgLineMiddleBlank"
                />
                <div
                  className="imgLineSideRed"
                />
              </div>
            </div>
          </div>
        </div>
        <div
          className="col"
        >
          <div>
            <div
              className="hexagramContainer"
              onClick={[Function]}
              role="button"
              tabIndex="-1"
            >
              <div>
                Fixed Yang
              </div>
              <div>
                <div
                  className="imgLineSide"
                />
                <div
                  className="imgLineMiddle"
                />
                <div
                  className="imgLineSide"
                />
              </div>
            </div>
          </div>
          <div>
            <div
              className="hexagramContainer"
              onClick={[Function]}
              role="button"
              tabIndex="0"
            >
              <div>
                Fixed Yin
              </div>
              <div>
                <div
                  className="imgLineSide"
                />
                <div
                  className="imgLineMiddleBlank"
                />
                <div
                  className="imgLineSide"
                />
              </div>
            </div>
          </div>
        </div>
      </div>
    </div>
    <div
      className="text-right"
    >
      <button
        className="btn btn-info"
        onClick={[MockFunction]}
        type="button"
      >
        Cancel
      </button>
    </div>
  </div>
</div>
`;
