// Jest Snapshot v1, https://goo.gl/fbAQLP

exports[`DetailedReading test DetailedReading snapshot 1`] = `
<div
  className="mt-3"
>
  <div
    className="detailButton"
    id="img_arr"
    onClick={[MockFunction]}
    role="button"
    tabIndex="-1"
  >
    <i
      className="fas fa-book mr-2"
    />
    Show Detailed Hexagram
  </div>
  <div
    className="d-flex"
  >
    <BigramClockSmall
      lineText="Line 2/5"
      position={undefined}
    />
    <BigramClockSmall
      lineText="Line 1/4"
      position={undefined}
    />
    <BigramClockSmall
      lineText="Line 3/6"
      position={undefined}
    />
  </div>
  <div
    className="d-flex mt-1 mb-4"
  >
    <BigramBlockSmall
      lineText="Line 1/3"
      position={undefined}
    />
    <BigramBlockSmall
      lineText="Line 4/6"
      position={undefined}
    />
  </div>
  <div
    className="mt-2 font-weight-bold"
  >
    Overview:
  </div>
  <div>
    overview
  </div>
  <div
    className="mt-2 font-weight-bold"
  >
    Analysis:
  </div>
  <div>
    analysis
  </div>
  <div
    className="mt-2 font-weight-bold"
  >
    Question:
  </div>
  <div>
    question
  </div>
</div>
`;
