// Jest Snapshot v1, https://goo.gl/fbAQLP

exports[`LoadingAnimation test LoadingAnimation isLoading snapshot 1`] = `
<div
  className="w-100 h-100 d-flex justify-content-center align-items-center"
  style={
    Object {
      "minHeight": "150px",
    }
  }
>
  <div
    className="progress"
    style={
      Object {
        "width": "80%",
      }
    }
  >
    <div
      aria-valuemax="100"
      aria-valuemin="0"
      aria-valuenow="75"
      className="progress-bar progress-bar-striped progress-bar-animated"
      role="progressbar"
      style={
        Object {
          "width": "100%",
        }
      }
    >
      Loading...
    </div>
  </div>
</div>
`;

exports[`LoadingAnimation test LoadingAnimation not isLoading snapshot 1`] = `<div />`;
